// Vitest Snapshot v1

exports[`Ring Component > renders correctly and matches the snapshot 1`] = `
<DocumentFragment>
  <div
    class="text-standard-d p-0 rounded-md border-2 border-standard ring-4 ring-standard-d bg-standard-l undefined 
      undefined"
  >
    Content
  </div>
</DocumentFragment>
`;
