// Vitest Snapshot v1

exports[`Accordion Component > matches snapshot 1`] = `
<DocumentFragment>
  <div
    class="flex flex-col bg- text- justify-start items-start flex-nowrap w-full  p-4 gap-4"
  >
    <div
      class="flex flex-row bg- text- justify-between items-center flex-nowrap gap-4 transparent cursor-pointer w-full"
    >
      <h1
        class="text-xl text-secondary-l"
      >
        Accordion Header
      </h1>
      <div
        class="text-gray-800"
      >
        <svg
          fill="currentColor"
          height="1em"
          stroke="currentColor"
          stroke-width="0"
          viewBox="0 0 512 512"
          width="1em"
          xmlns="http://www.w3.org/2000/svg"
        >
          <path
            d="M256 294.1L383 167c9.4-9.4 24.6-9.4 33.9 0s9.3 24.6 0 34L273 345c-9.1 9.1-23.7 9.3-33.1.7L95 201.1c-4.7-4.7-7-10.9-7-17s2.3-12.3 7-17c9.4-9.4 24.6-9.4 33.9 0l127.1 127z"
          />
        </svg>
      </div>
    </div>
  </div>
</DocumentFragment>
`;

exports[`matches snapshot 1`] = `
<DocumentFragment>
  <div
    class="flex flex-col bg- text- justify-start items-start flex-nowrap w-full  p-4 gap-4"
  >
    <div
      class="flex flex-row bg- text- justify-between items-center flex-nowrap gap-4 transparent cursor-pointer w-full"
    >
      <h1
        class="text-xl text-secondary-l"
      >
        Accordion Header
      </h1>
      <div
        class="text-gray-800"
      >
        <svg
          fill="currentColor"
          height="1em"
          stroke="currentColor"
          stroke-width="0"
          viewBox="0 0 512 512"
          width="1em"
          xmlns="http://www.w3.org/2000/svg"
        >
          <path
            d="M256 294.1L383 167c9.4-9.4 24.6-9.4 33.9 0s9.3 24.6 0 34L273 345c-9.1 9.1-23.7 9.3-33.1.7L95 201.1c-4.7-4.7-7-10.9-7-17s2.3-12.3 7-17c9.4-9.4 24.6-9.4 33.9 0l127.1 127z"
          />
        </svg>
      </div>
    </div>
  </div>
</DocumentFragment>
`;
